// Jest Snapshot v1, https://goo.gl/fbAQLP

exports[`matches snapshot 1`] = `
<DocumentFragment>
  <div
    class="Card"
  >
    <h4
      class="Card-title"
    >
      test caption
    </h4>
    <img
      alt="test caption"
      class="Card-image"
      src="test.jpg"
    />
    <small
      class="Card-small"
    >
      Image 1 of 3.
    </small>
  </div>
</DocumentFragment>
`;
